// Jest Snapshot v1, https://goo.gl/fbAQLP

exports[`Testing snapshot for Hubspot's contact destination action: all fields 1`] = `
Object {
  "properties": Object {
    "address": "Tju6AP&lazvq)F",
    "city": "Tju6AP&lazvq)F",
    "company": "Tju6AP&lazvq)F",
    "country": "Tju6AP&lazvq)F",
    "firstname": "Tju6AP&lazvq)F",
    "lastname": "Tju6AP&lazvq)F",
    "lifecyclestage": "tju6ap&lazvq)f",
    "phone": "Tju6AP&lazvq)F",
    "state": "Tju6AP&lazvq)F",
    "testType": "Tju6AP&lazvq)F",
    "zip": "Tju6AP&lazvq)F",
  },
}
`;

exports[`Testing snapshot for Hubspot's contact destination action: required fields 1`] = `
Object {
  "properties": Object {},
}
`;
