// Jest Snapshot v1, https://goo.gl/fbAQLP

exports[`Testing snapshot for Hubspot's customObject destination action: randomly generated fields 1`] = `[IntegrationError: Custom Object is not in valid format. Please make sure that you are using either a valid format of objectâ€™s fullyQualifiedName (eg: p11223344_myobject) or a supported HubSpot defined object (ie: deals, tickets, contacts and companies).]`;

exports[`Testing snapshot for Hubspot's customObject destination action: valid fields 1`] = `
Object {
  "properties": Object {
    "testProperty": "testValue-1244637116",
  },
}
`;
