// Jest Snapshot v1, https://goo.gl/fbAQLP

exports[`Testing snapshot for Hubspot's upsertContact destination action: all fields 1`] = `
Object {
  "properties": Object {
    "address": "VEF)ihejcy1f",
    "city": "VEF)ihejcy1f",
    "company": "VEF)ihejcy1f",
    "country": "VEF)ihejcy1f",
    "firstname": "VEF)ihejcy1f",
    "lastname": "VEF)ihejcy1f",
    "lifecyclestage": "vef)ihejcy1f",
    "phone": "VEF)ihejcy1f",
    "state": "VEF)ihejcy1f",
    "testType": "VEF)ihejcy1f",
    "zip": "VEF)ihejcy1f",
  },
}
`;

exports[`Testing snapshot for Hubspot's upsertContact destination action: required fields 1`] = `
Object {
  "properties": Object {},
}
`;
